// Vitest Snapshot v1, https://vitest.dev/guide/snapshot.html

exports[`Lambda mappings > should map CfnAlias to LambdaAlias 1`] = `
"{
  \\"provider\\": {
    \\"aws\\": [
      {
        \\"alias\\": \\"us_east_1\\",
        \\"region\\": \\"us-east-1\\"
      }
    ]
  },
  \\"resource\\": {
    \\"aws_lambda_alias\\": {
      \\"resource_22C949BF\\": {
        \\"description\\": \\"description\\",
        \\"function_name\\": \\"functionName\\",
        \\"function_version\\": \\"functionVersion\\",
        \\"name\\": \\"name\\",
        \\"routing_config\\": {
          \\"additional_version_weights\\": {
            \\"1\\": 2,
            \\"2\\": 1
          }
        }
      }
    }
  },
  \\"terraform\\": {
    \\"backend\\": {
      \\"local\\": {
        \\"path\\": \\"/terraform.test-stack.tfstate\\"
      }
    },
    \\"required_providers\\": {
      \\"aws\\": {
        \\"source\\": \\"aws\\",
        \\"version\\": \\"5.23.1\\"
      }
    }
  },
  \\"variable\\": {
    \\"resource_refs_CDA17697\\": {
      \\"default\\": \\"\${aws_lambda_alias.resource_22C949BF.id}\\",
      \\"type\\": \\"string\\"
    }
  }
}"
`;
