// Vitest Snapshot v1, https://vitest.dev/guide/snapshot.html

exports[`SNS mappings > AWS:SNS:Subscription > should translate 1`] = `
"{
  \\"provider\\": {
    \\"aws\\": [
      {
        \\"alias\\": \\"us_east_1\\",
        \\"region\\": \\"us-east-1\\"
      }
    ]
  },
  \\"resource\\": {
    \\"aws_sns_topic_subscription\\": {
      \\"resource_22C949BF\\": {
        \\"delivery_policy\\": \\"\${jsonencode({\\\\\\"deliveryPolicy\\\\\\" = true})}\\",
        \\"endpoint\\": \\"example-endpoint.example\\",
        \\"filter_policy\\": \\"\${jsonencode({\\\\\\"filterPolicy\\\\\\" = false})}\\",
        \\"filter_policy_scope\\": \\"FilterPolicyScope\\",
        \\"protocol\\": \\"https\\",
        \\"raw_message_delivery\\": true,
        \\"redrive_policy\\": \\"\${jsonencode({\\\\\\"redrivePolicy\\\\\\" = true})}\\",
        \\"subscription_role_arn\\": \\"SubscriptionRoleArn\\",
        \\"topic_arn\\": \\"ExampleArn\\"
      }
    }
  },
  \\"terraform\\": {
    \\"backend\\": {
      \\"local\\": {
        \\"path\\": \\"/terraform.test-stack.tfstate\\"
      }
    },
    \\"required_providers\\": {
      \\"aws\\": {
        \\"source\\": \\"aws\\",
        \\"version\\": \\"5.37.0\\"
      }
    }
  },
  \\"variable\\": {
    \\"resource_refs_CDA17697\\": {
      \\"default\\": \\"\${aws_sns_topic_subscription.resource_22C949BF.id}\\",
      \\"type\\": \\"string\\"
    }
  }
}"
`;
